/**************************************/
/* Unsugar automatons a bit */
/**************************************/
type inductive_bool =
  | False
  | True

node main0(c : bool) returns (o : int);
var x : int;
let
  (x) = 0 when True(c);
  (o) = x;
tel

/**************************************/
/* Typed ast */
/**************************************/
type inductive_bool =
  | False
  | True

node main0__4(c__3 : bool) returns (o__1 : int)
var x__2: int;
let
  (x__2) = 0 when True(c__3);
  (o__1) = x__2;
tel

/**************************************/
/* Normalized ast */
/**************************************/
type inductive_bool =
  | False
  | True

node main0__4(c__3 : bool) returns (o__1 : int)
var x__2: int;
let
  (x__2) = 0 when True(c__3);
  (o__1) = x__2;
tel

[31m[1m[Error 1005] Clocking error: [0mThe expected clock is Base, but the actual clock is Base on True(c__3)

